Input: 5
Input: 1 2 5
Input: 1 3 5
Input: 1 4 5
Input: 1 5 5
Input: 1
Input: 2 3 2
Input: 6
Input: 1 2 5
Input: 1 3 5
Input: 1 4 5
Input: 1 5 5
Input: 3 4 8
Input: 4 5 8
-1
-1
